[2026-09-30T10:18:21.737Z][INFO] Command-line: /Applications/Unity/Hub/Editor/6000.5.0f1/Unity.app/Contents/Helpers/PackageManager/Server/UnityPackageManager server -s 1420 --ipc-path /tmp/Unity-Upm-1420.sock -l 2 --log-file '/Users/alokshinde/Desktop/Unity Projects/project 3rd/Logs/upm.log'
[2026-09-30T10:18:21.757Z][INFO] IPC server started (IPC path=/tmp/Unity-Upm-1420.sock).
[2026-09-30T10:18:21.757Z][INFO] Hint: To connect to this UPM instance, launch Unity with the command-line parameter -upmIpcPath Upm-1420.
[2026-09-30T10:18:23.627Z][INFO] project:list-packages <-- Request received
params: {}
[2026-09-30T10:18:23.754Z][INFO] config:project:get-registries <-- Request received
params: {}
[2026-09-30T10:18:23.761Z][INFO] project:list-packages <-- Request received
params: {}
[2026-09-30T10:18:23.779Z][INFO] config:project:get-registries --> 200 (25 ms)
[2026-09-30T10:18:23.814Z][WARN] Package [com.unity.ide.vscode] has a non-valid signature — status: Unsigned, reason: .signature file could not be located in the package, errorCode: ERR_LEGACY_SIGNATURE_FILE_NOT_FOUND
[2026-09-30T10:18:23.819Z][INFO] project:list-packages --> 200 (193 ms)
[2026-09-30T10:18:23.933Z][WARN] Package [com.unity.ide.vscode] has a non-valid signature — status: Unsigned, reason: .signature file could not be located in the package, errorCode: ERR_LEGACY_SIGNATURE_FILE_NOT_FOUND
[2026-09-30T10:18:23.936Z][INFO] project:list-packages --> 200 (175 ms)
[2026-09-30T10:18:27.255Z][INFO] project:list-packages <-- Request received
params: {}
[2026-09-30T10:18:27.266Z][INFO] project:list-packages <-- Request received
params: {}
[2026-09-30T10:18:27.348Z][WARN] Package [com.unity.ide.vscode] has a non-valid signature — status: Unsigned, reason: .signature file could not be located in the package, errorCode: ERR_LEGACY_SIGNATURE_FILE_NOT_FOUND
[2026-09-30T10:18:27.375Z][INFO] project:list-packages --> 200 (120 ms)
[2026-09-30T10:18:27.388Z][WARN] Package [com.unity.ide.vscode] has a non-valid signature — status: Unsigned, reason: .signature file could not be located in the package, errorCode: ERR_LEGACY_SIGNATURE_FILE_NOT_FOUND
[2026-09-30T10:18:27.389Z][INFO] project:list-packages --> 200 (123 ms)
[2026-09-30T10:18:29.109Z][INFO] project:list-packages <-- Request received
params: {}
[2026-09-30T10:18:29.176Z][WARN] Package [com.unity.ide.vscode] has a non-valid signature — status: Unsigned, reason: .signature file could not be located in the package, errorCode: ERR_LEGACY_SIGNATURE_FILE_NOT_FOUND
[2026-09-30T10:18:29.184Z][INFO] project:list-packages --> 200 (76 ms)
[2026-09-30T10:18:29.297Z][INFO] config:project:get-registries <-- Request received
params: {}
[2026-09-30T10:18:29.299Z][INFO] config:project:get-registries --> 200 (2 ms)
[2026-09-30T10:19:12.840Z][INFO] project:list-packages <-- Request received
params: {}
[2026-09-30T10:19:13.003Z][WARN] Package [com.unity.ide.vscode] has a non-valid signature — status: Unsigned, reason: .signature file could not be located in the package, errorCode: ERR_LEGACY_SIGNATURE_FILE_NOT_FOUND
[2026-09-30T10:19:13.006Z][INFO] project:list-packages --> 200 (168 ms)
[2026-09-30T10:59:41.708Z][INFO] packages:get-packageinfo <-- Request received
params: {
  "packageId": "com.unity.collab-proxy"
}
[2026-09-30T10:59:42.253Z][INFO] Downloading package [com.unity.package-manager.metadata-6000.5@0.0.99] from registry 'https://packages.unity.com'
[2026-09-30T10:59:43.027Z][INFO] Finished downloading package [com.unity.package-manager.metadata-6000.5@0.0.99] from registry 'https://packages.unity.com' (size: 11.4 kB, time: 774ms)
[2026-09-30T10:59:43.525Z][INFO] packages:get-packageinfo --> 200 (1818 ms)
[2026-09-30T10:59:45.540Z][INFO] config:get-cache-root <-- Request received
params: {}
[2026-09-30T10:59:45.541Z][INFO] config:get-cache-root --> 200 (1 ms)
[2026-09-30T10:59:52.196Z][INFO] config:get-cache-root <-- Request received
params: {}
[2026-09-30T10:59:52.197Z][INFO] config:get-cache-root --> 200 (1 ms)
[2026-09-30T11:02:33.330Z][INFO] packages:get-all-packageinfo <-- Request received
params: {}
[2026-09-30T11:02:33.349Z][INFO] packages:get-all-packageinfo <-- Request received
params: {}
[2026-09-30T11:02:33.351Z][INFO] project:list-packages <-- Request received
params: {}
[2026-09-30T11:02:33.801Z][INFO] packages:get-all-packageinfo --> 200 (452 ms)
[2026-09-30T11:02:34.562Z][INFO] packages:get-packageinfo <-- Request received
params: {
  "packageId": "com.unity.addressables@2.9.1"
}
[2026-09-30T11:02:34.573Z][INFO] packages:get-packageinfo <-- Request received
params: {
  "packageId": "com.unity.ads.ios-support@1.0.1"
}
[2026-09-30T11:02:34.584Z][INFO] packages:get-packageinfo <-- Request received
params: {
  "packageId": "com.unity.learn.iet-framework@5.0.4"
}
[2026-09-30T11:02:34.595Z][INFO] packages:get-packageinfo <-- Request received
params: {
  "packageId": "com.unity.learn.iet-framework.authoring@1.5.4"
}
[2026-09-30T11:02:34.607Z][INFO] packages:get-packageinfo <-- Request received
params: {
  "packageId": "com.unity.microsoft.gdk@1.6.0"
}
[2026-09-30T11:02:34.617Z][INFO] packages:get-packageinfo <-- Request received
params: {
  "packageId": "com.unity.microsoft.gdk.tools@1.6.0"
}
[2026-09-30T11:02:34.628Z][INFO] packages:get-packageinfo <-- Request received
params: {
  "packageId": "com.unity.polyspatial.extensions@3.1.5"
}
[2026-09-30T11:02:34.639Z][INFO] packages:get-packageinfo <-- Request received
params: {
  "packageId": "com.unity.polyspatial.visionos@3.1.5"
}
[2026-09-30T11:02:34.649Z][INFO] packages:get-packageinfo <-- Request received
params: {
  "packageId": "com.unity.probuilder@6.0.9"
}
[2026-09-30T11:02:34.659Z][INFO] packages:get-packageinfo <-- Request received
params: {
  "packageId": "com.unity.project-auditor-rules@1.0.3"
}
[2026-09-30T11:02:34.669Z][INFO] packages:get-packageinfo <-- Request received
params: {
  "packageId": "com.unity.scriptablebuildpipeline@2.6.2"
}
[2026-09-30T11:02:34.680Z][INFO] packages:get-packageinfo <-- Request received
params: {
  "packageId": "com.unity.services.friends@1.1.1"
}
[2026-09-30T11:02:34.690Z][INFO] packages:get-packageinfo <-- Request received
params: {
  "packageId": "com.unity.services.moderation@1.0.2"
}
[2026-09-30T11:02:34.701Z][INFO] packages:get-packageinfo <-- Request received
params: {
  "packageId": "com.unity.services.multiplayer@2.1.3"
}
[2026-09-30T11:02:34.711Z][INFO] packages:get-packageinfo <-- Request received
params: {
  "packageId": "com.unity.splines@2.8.4"
}
[2026-09-30T11:02:34.722Z][INFO] packages:get-packageinfo <-- Request received
params: {
  "packageId": "com.unity.xr.androidxr-openxr@1.3.2"
}
[2026-09-30T11:02:34.733Z][INFO] packages:get-packageinfo <-- Request received
params: {
  "packageId": "com.unity.xr.arcore@6.5.1"
}
[2026-09-30T11:02:34.747Z][INFO] packages:get-packageinfo <-- Request received
params: {
  "packageId": "com.unity.xr.arfoundation@6.5.1"
}
[2026-09-30T11:02:34.756Z][INFO] packages:get-packageinfo <-- Request received
params: {
  "packageId": "com.unity.xr.arkit@6.5.1"
}
[2026-09-30T11:02:34.766Z][INFO] packages:get-packageinfo <-- Request received
params: {
  "packageId": "com.unity.xr.compositionlayers@2.4.0"
}
[2026-09-30T11:02:34.977Z][INFO] packages:get-packageinfo --> 200 (328 ms)
[2026-09-30T11:02:34.985Z][INFO] packages:get-packageinfo --> 200 (401 ms)
[2026-09-30T11:02:34.991Z][INFO] packages:get-packageinfo --> 200 (419 ms)
[2026-09-30T11:02:34.992Z][INFO] packages:get-packageinfo <-- Request received
params: {
  "packageId": "com.unity.xr.hands@1.8.1"
}
[2026-09-30T11:02:35.002Z][INFO] packages:get-packageinfo --> 200 (407 ms)
[2026-09-30T11:02:35.003Z][INFO] packages:get-packageinfo --> 200 (396 ms)
[2026-09-30T11:02:35.004Z][INFO] packages:get-packageinfo <-- Request received
params: {
  "packageId": "com.unity.xr.interaction.toolkit@3.5.1"
}
[2026-09-30T11:02:35.012Z][INFO] packages:get-packageinfo --> 200 (395 ms)
[2026-09-30T11:02:35.016Z][INFO] packages:get-packageinfo <-- Request received
params: {
  "packageId": "com.unity.xr.management@4.5.4"
}
[2026-09-30T11:02:35.026Z][INFO] packages:get-packageinfo <-- Request received
params: {
  "packageId": "com.unity.xr.meta-openxr@2.5.1"
}
[2026-09-30T11:02:35.034Z][INFO] packages:get-packageinfo --> 200 (406 ms)
[2026-09-30T11:02:35.038Z][INFO] packages:get-packageinfo <-- Request received
params: {
  "packageId": "com.unity.xr.openxr@1.17.1"
}
[2026-09-30T11:02:35.041Z][INFO] packages:get-packageinfo --> 200 (402 ms)
[2026-09-30T11:02:35.048Z][INFO] packages:get-packageinfo <-- Request received
params: {
  "packageId": "com.unity.xr.visionos@3.1.5"
}
[2026-09-30T11:02:35.069Z][INFO] packages:get-packageinfo --> 200 (507 ms)
[2026-09-30T11:02:35.257Z][INFO] packages:get-packageinfo --> 200 (588 ms)
[2026-09-30T11:02:35.261Z][INFO] packages:get-packageinfo --> 200 (602 ms)
[2026-09-30T11:02:35.282Z][INFO] packages:get-packageinfo --> 200 (592 ms)
[2026-09-30T11:02:35.304Z][INFO] packages:get-packageinfo --> 200 (624 ms)
[2026-09-30T11:02:35.307Z][INFO] packages:get-packageinfo --> 200 (606 ms)
[2026-09-30T11:02:35.329Z][INFO] packages:get-packageinfo --> 200 (607 ms)
[2026-09-30T11:02:35.341Z][INFO] packages:get-packageinfo --> 200 (630 ms)
[2026-09-30T11:02:35.380Z][INFO] packages:get-packageinfo --> 200 (647 ms)
[2026-09-30T11:02:35.557Z][INFO] packages:get-packageinfo --> 200 (791 ms)
[2026-09-30T11:02:35.565Z][INFO] packages:get-packageinfo --> 200 (573 ms)
[2026-09-30T11:02:35.579Z][INFO] packages:get-packageinfo --> 200 (563 ms)
[2026-09-30T11:02:35.599Z][INFO] packages:get-packageinfo --> 200 (843 ms)
[2026-09-30T11:02:35.605Z][INFO] packages:get-packageinfo --> 200 (579 ms)
[2026-09-30T11:02:35.615Z][INFO] packages:get-packageinfo --> 200 (577 ms)
[2026-09-30T11:02:35.637Z][INFO] packages:get-packageinfo --> 200 (890 ms)
[2026-09-30T11:02:35.650Z][INFO] packages:get-packageinfo --> 200 (602 ms)
[2026-09-30T11:02:35.909Z][INFO] packages:get-packageinfo --> 200 (905 ms)
[2026-09-30T11:02:35.970Z][WARN] Package [com.unity.ide.vscode] has a non-valid signature — status: Unsigned, reason: .signature file could not be located in the package, errorCode: ERR_LEGACY_SIGNATURE_FILE_NOT_FOUND
[2026-09-30T11:02:35.973Z][INFO] project:list-packages --> 200 (2622 ms)
[2026-09-30T11:02:36.764Z][INFO] packages:get-all-packageinfo <-- Request received
params: {}
[2026-09-30T11:02:36.776Z][INFO] project:list-packages <-- Request received
params: {}
[2026-09-30T11:02:36.859Z][WARN] Package [com.unity.ide.vscode] has a non-valid signature — status: Unsigned, reason: .signature file could not be located in the package, errorCode: ERR_LEGACY_SIGNATURE_FILE_NOT_FOUND
[2026-09-30T11:02:36.862Z][INFO] project:list-packages --> 200 (86 ms)
[2026-09-30T11:02:38.035Z][INFO] packages:get-all-packageinfo <-- Request received
params: {}
[2026-09-30T11:02:38.046Z][INFO] project:list-packages <-- Request received
params: {}
[2026-09-30T11:02:38.111Z][WARN] Package [com.unity.ide.vscode] has a non-valid signature — status: Unsigned, reason: .signature file could not be located in the package, errorCode: ERR_LEGACY_SIGNATURE_FILE_NOT_FOUND
[2026-09-30T11:02:38.119Z][INFO] project:list-packages --> 200 (73 ms)
[2026-09-30T11:02:38.121Z][INFO] packages:get-all-packageinfo --> 200 (4794 ms)
[2026-09-30T11:02:38.497Z][INFO] packages:get-all-packageinfo --> 200 (1733 ms)
[2026-09-30T11:02:38.721Z][INFO] packages:get-all-packageinfo --> 200 (686 ms)
[2026-09-30T11:02:40.094Z][INFO] packages:get-packageinfo <-- Request received
params: {
  "packageId": "com.unity.asset-manager-for-unity@1.11.0"
}
[2026-09-30T11:02:40.104Z][INFO] packages:get-packageinfo --> 200 (10 ms)
[2026-09-30T11:02:40.105Z][INFO] packages:get-packageinfo <-- Request received
params: {
  "packageId": "com.unity.mobile.notifications@2.4.3"
}
[2026-09-30T11:02:40.112Z][INFO] packages:get-packageinfo --> 200 (7 ms)
[2026-09-30T11:02:40.116Z][INFO] packages:get-packageinfo <-- Request received
params: {
  "packageId": "com.unity.platformtoolkit@1.1.0"
}
[2026-09-30T11:02:40.122Z][INFO] packages:get-packageinfo --> 200 (6 ms)
[2026-09-30T11:02:40.127Z][INFO] packages:get-packageinfo <-- Request received
params: {
  "packageId": "com.unity.services.authentication@3.7.4"
}
[2026-09-30T11:02:40.134Z][INFO] packages:get-packageinfo --> 200 (7 ms)
[2026-09-30T11:02:40.138Z][INFO] packages:get-packageinfo <-- Request received
params: {
  "packageId": "com.unity.services.cloud-build@2.0.8"
}
[2026-09-30T11:02:40.144Z][INFO] packages:get-packageinfo --> 200 (6 ms)
[2026-09-30T18:26:02.672Z][INFO] Received shutdown request (SIGTERM), shutting down Unity Package Manager
